<?xml version="1.0" encoding="utf-8"?><testsuites><testsuite name="pytest" errors="1" failures="0" skipped="0" tests="1" time="0.452" timestamp="2025-12-20T15:42:58.488276" hostname="Johns-MacBook-Pro-2.local"><testcase classname="" name="tests.performance.locust.netskope_load_test" time="0.000"><error message="collection failure">ImportError while importing test module '/Users/johnbruno/kiro/netskope_day_one_test_framework/tests/performance/locust/netskope_load_test.py'.
Hint: make sure your test modules/packages have valid Python names.
Traceback:
/Library/Frameworks/Python.framework/Versions/3.13/lib/python3.13/importlib/__init__.py:88: in import_module
    return _bootstrap._gcd_import(name[level:], package, level)
tests/performance/locust/netskope_load_test.py:27: in &lt;module&gt;
    from locust import HttpUser, task, between, events
E   ImportError: cannot import name 'HttpUser' from 'locust' (unknown location)</error></testcase></testsuite></testsuites>